###############################################################################
#
# IAR ELF Linker V7.20.2.7424/W32 for ARM                 16/Aug/2015  03:01:31
# Copyright 2007-2014 IAR Systems AB.
#
#    Output file  =  
#        E:\WORKSPACE\STM32F4\STM32F4xx_DSP_StdPeriph_Lib_V1.3.0\Project\国赛测试_6\EWARM\STM32F429_439xx\Exe\Project.out
#    Map file     =  
#        E:\WORKSPACE\STM32F4\STM32F4xx_DSP_StdPeriph_Lib_V1.3.0\Project\国赛测试_6\EWARM\STM32F429_439xx\List\Project.map
#    Command line =  
#        E:\WORKSPACE\STM32F4\STM32F4xx_DSP_StdPeriph_Lib_V1.3.0\Project\国赛测试_6\EWARM\STM32F429_439xx\Obj\AD.o
#        E:\WORKSPACE\STM32F4\STM32F4xx_DSP_StdPeriph_Lib_V1.3.0\Project\国赛测试_6\EWARM\STM32F429_439xx\Obj\ADS1220.o
#        E:\WORKSPACE\STM32F4\STM32F4xx_DSP_StdPeriph_Lib_V1.3.0\Project\国赛测试_6\EWARM\STM32F429_439xx\Obj\common.o
#        E:\WORKSPACE\STM32F4\STM32F4xx_DSP_StdPeriph_Lib_V1.3.0\Project\国赛测试_6\EWARM\STM32F429_439xx\Obj\DA.o
#        E:\WORKSPACE\STM32F4\STM32F4xx_DSP_StdPeriph_Lib_V1.3.0\Project\国赛测试_6\EWARM\STM32F429_439xx\Obj\Data.o
#        E:\WORKSPACE\STM32F4\STM32F4xx_DSP_StdPeriph_Lib_V1.3.0\Project\国赛测试_6\EWARM\STM32F429_439xx\Obj\exti.o
#        E:\WORKSPACE\STM32F4\STM32F4xx_DSP_StdPeriph_Lib_V1.3.0\Project\国赛测试_6\EWARM\STM32F429_439xx\Obj\FONT.o
#        E:\WORKSPACE\STM32F4\STM32F4xx_DSP_StdPeriph_Lib_V1.3.0\Project\国赛测试_6\EWARM\STM32F429_439xx\Obj\Freq.o
#        E:\WORKSPACE\STM32F4\STM32F4xx_DSP_StdPeriph_Lib_V1.3.0\Project\国赛测试_6\EWARM\STM32F429_439xx\Obj\Impluse.o
#        E:\WORKSPACE\STM32F4\STM32F4xx_DSP_StdPeriph_Lib_V1.3.0\Project\国赛测试_6\EWARM\STM32F429_439xx\Obj\LCD.o
#        E:\WORKSPACE\STM32F4\STM32F4xx_DSP_StdPeriph_Lib_V1.3.0\Project\国赛测试_6\EWARM\STM32F429_439xx\Obj\LCD_Curve.o
#        E:\WORKSPACE\STM32F4\STM32F4xx_DSP_StdPeriph_Lib_V1.3.0\Project\国赛测试_6\EWARM\STM32F429_439xx\Obj\LCD_String.o
#        E:\WORKSPACE\STM32F4\STM32F4xx_DSP_StdPeriph_Lib_V1.3.0\Project\国赛测试_6\EWARM\STM32F429_439xx\Obj\LCD_Tools.o
#        E:\WORKSPACE\STM32F4\STM32F4xx_DSP_StdPeriph_Lib_V1.3.0\Project\国赛测试_6\EWARM\STM32F429_439xx\Obj\main.o
#        E:\WORKSPACE\STM32F4\STM32F4xx_DSP_StdPeriph_Lib_V1.3.0\Project\国赛测试_6\EWARM\STM32F429_439xx\Obj\malloc.o
#        E:\WORKSPACE\STM32F4\STM32F4xx_DSP_StdPeriph_Lib_V1.3.0\Project\国赛测试_6\EWARM\STM32F429_439xx\Obj\misc.o
#        E:\WORKSPACE\STM32F4\STM32F4xx_DSP_StdPeriph_Lib_V1.3.0\Project\国赛测试_6\EWARM\STM32F429_439xx\Obj\NRF2401.o
#        E:\WORKSPACE\STM32F4\STM32F4xx_DSP_StdPeriph_Lib_V1.3.0\Project\国赛测试_6\EWARM\STM32F429_439xx\Obj\NumBar.o
#        E:\WORKSPACE\STM32F4\STM32F4xx_DSP_StdPeriph_Lib_V1.3.0\Project\国赛测试_6\EWARM\STM32F429_439xx\Obj\NumBar_CPP.o
#        E:\WORKSPACE\STM32F4\STM32F4xx_DSP_StdPeriph_Lib_V1.3.0\Project\国赛测试_6\EWARM\STM32F429_439xx\Obj\PINGPANG.o
#        E:\WORKSPACE\STM32F4\STM32F4xx_DSP_StdPeriph_Lib_V1.3.0\Project\国赛测试_6\EWARM\STM32F429_439xx\Obj\SelectBar.o
#        E:\WORKSPACE\STM32F4\STM32F4xx_DSP_StdPeriph_Lib_V1.3.0\Project\国赛测试_6\EWARM\STM32F429_439xx\Obj\SelectBar_L.o
#        E:\WORKSPACE\STM32F4\STM32F4xx_DSP_StdPeriph_Lib_V1.3.0\Project\国赛测试_6\EWARM\STM32F429_439xx\Obj\SelectItem.o
#        E:\WORKSPACE\STM32F4\STM32F4xx_DSP_StdPeriph_Lib_V1.3.0\Project\国赛测试_6\EWARM\STM32F429_439xx\Obj\Span.o
#        E:\WORKSPACE\STM32F4\STM32F4xx_DSP_StdPeriph_Lib_V1.3.0\Project\国赛测试_6\EWARM\STM32F429_439xx\Obj\SPI.o
#        E:\WORKSPACE\STM32F4\STM32F4xx_DSP_StdPeriph_Lib_V1.3.0\Project\国赛测试_6\EWARM\STM32F429_439xx\Obj\startup_stm32f429_439xx.o
#        E:\WORKSPACE\STM32F4\STM32F4xx_DSP_StdPeriph_Lib_V1.3.0\Project\国赛测试_6\EWARM\STM32F429_439xx\Obj\stm32f4xx_adc.o
#        E:\WORKSPACE\STM32F4\STM32F4xx_DSP_StdPeriph_Lib_V1.3.0\Project\国赛测试_6\EWARM\STM32F429_439xx\Obj\stm32f4xx_can.o
#        E:\WORKSPACE\STM32F4\STM32F4xx_DSP_StdPeriph_Lib_V1.3.0\Project\国赛测试_6\EWARM\STM32F429_439xx\Obj\stm32f4xx_crc.o
#        E:\WORKSPACE\STM32F4\STM32F4xx_DSP_StdPeriph_Lib_V1.3.0\Project\国赛测试_6\EWARM\STM32F429_439xx\Obj\stm32f4xx_cryp.o
#        E:\WORKSPACE\STM32F4\STM32F4xx_DSP_StdPeriph_Lib_V1.3.0\Project\国赛测试_6\EWARM\STM32F429_439xx\Obj\stm32f4xx_cryp_aes.o
#        E:\WORKSPACE\STM32F4\STM32F4xx_DSP_StdPeriph_Lib_V1.3.0\Project\国赛测试_6\EWARM\STM32F429_439xx\Obj\stm32f4xx_cryp_des.o
#        E:\WORKSPACE\STM32F4\STM32F4xx_DSP_StdPeriph_Lib_V1.3.0\Project\国赛测试_6\EWARM\STM32F429_439xx\Obj\stm32f4xx_cryp_tdes.o
#        E:\WORKSPACE\STM32F4\STM32F4xx_DSP_StdPeriph_Lib_V1.3.0\Project\国赛测试_6\EWARM\STM32F429_439xx\Obj\stm32f4xx_dac.o
#        E:\WORKSPACE\STM32F4\STM32F4xx_DSP_StdPeriph_Lib_V1.3.0\Project\国赛测试_6\EWARM\STM32F429_439xx\Obj\stm32f4xx_dbgmcu.o
#        E:\WORKSPACE\STM32F4\STM32F4xx_DSP_StdPeriph_Lib_V1.3.0\Project\国赛测试_6\EWARM\STM32F429_439xx\Obj\stm32f4xx_dcmi.o
#        E:\WORKSPACE\STM32F4\STM32F4xx_DSP_StdPeriph_Lib_V1.3.0\Project\国赛测试_6\EWARM\STM32F429_439xx\Obj\stm32f4xx_dma.o
#        E:\WORKSPACE\STM32F4\STM32F4xx_DSP_StdPeriph_Lib_V1.3.0\Project\国赛测试_6\EWARM\STM32F429_439xx\Obj\stm32f4xx_dma2d.o
#        E:\WORKSPACE\STM32F4\STM32F4xx_DSP_StdPeriph_Lib_V1.3.0\Project\国赛测试_6\EWARM\STM32F429_439xx\Obj\stm32f4xx_exti.o
#        E:\WORKSPACE\STM32F4\STM32F4xx_DSP_StdPeriph_Lib_V1.3.0\Project\国赛测试_6\EWARM\STM32F429_439xx\Obj\stm32f4xx_flash.o
#        E:\WORKSPACE\STM32F4\STM32F4xx_DSP_StdPeriph_Lib_V1.3.0\Project\国赛测试_6\EWARM\STM32F429_439xx\Obj\stm32f4xx_fsmc.o
#        E:\WORKSPACE\STM32F4\STM32F4xx_DSP_StdPeriph_Lib_V1.3.0\Project\国赛测试_6\EWARM\STM32F429_439xx\Obj\stm32f4xx_gpio.o
#        E:\WORKSPACE\STM32F4\STM32F4xx_DSP_StdPeriph_Lib_V1.3.0\Project\国赛测试_6\EWARM\STM32F429_439xx\Obj\stm32f4xx_hash.o
#        E:\WORKSPACE\STM32F4\STM32F4xx_DSP_StdPeriph_Lib_V1.3.0\Project\国赛测试_6\EWARM\STM32F429_439xx\Obj\stm32f4xx_hash_md5.o
#        E:\WORKSPACE\STM32F4\STM32F4xx_DSP_StdPeriph_Lib_V1.3.0\Project\国赛测试_6\EWARM\STM32F429_439xx\Obj\stm32f4xx_hash_sha1.o
#        E:\WORKSPACE\STM32F4\STM32F4xx_DSP_StdPeriph_Lib_V1.3.0\Project\国赛测试_6\EWARM\STM32F429_439xx\Obj\stm32f4xx_i2c.o
#        E:\WORKSPACE\STM32F4\STM32F4xx_DSP_StdPeriph_Lib_V1.3.0\Project\国赛测试_6\EWARM\STM32F429_439xx\Obj\stm32f4xx_it.o
#        E:\WORKSPACE\STM32F4\STM32F4xx_DSP_StdPeriph_Lib_V1.3.0\Project\国赛测试_6\EWARM\STM32F429_439xx\Obj\stm32f4xx_iwdg.o
#        E:\WORKSPACE\STM32F4\STM32F4xx_DSP_StdPeriph_Lib_V1.3.0\Project\国赛测试_6\EWARM\STM32F429_439xx\Obj\stm32f4xx_ltdc.o
#        E:\WORKSPACE\STM32F4\STM32F4xx_DSP_StdPeriph_Lib_V1.3.0\Project\国赛测试_6\EWARM\STM32F429_439xx\Obj\stm32f4xx_pwr.o
#        E:\WORKSPACE\STM32F4\STM32F4xx_DSP_StdPeriph_Lib_V1.3.0\Project\国赛测试_6\EWARM\STM32F429_439xx\Obj\stm32f4xx_rcc.o
#        E:\WORKSPACE\STM32F4\STM32F4xx_DSP_StdPeriph_Lib_V1.3.0\Project\国赛测试_6\EWARM\STM32F429_439xx\Obj\stm32f4xx_rng.o
#        E:\WORKSPACE\STM32F4\STM32F4xx_DSP_StdPeriph_Lib_V1.3.0\Project\国赛测试_6\EWARM\STM32F429_439xx\Obj\stm32f4xx_rtc.o
#        E:\WORKSPACE\STM32F4\STM32F4xx_DSP_StdPeriph_Lib_V1.3.0\Project\国赛测试_6\EWARM\STM32F429_439xx\Obj\stm32f4xx_sai.o
#        E:\WORKSPACE\STM32F4\STM32F4xx_DSP_StdPeriph_Lib_V1.3.0\Project\国赛测试_6\EWARM\STM32F429_439xx\Obj\stm32f4xx_sdio.o
#        E:\WORKSPACE\STM32F4\STM32F4xx_DSP_StdPeriph_Lib_V1.3.0\Project\国赛测试_6\EWARM\STM32F429_439xx\Obj\stm32f4xx_spi.o
#        E:\WORKSPACE\STM32F4\STM32F4xx_DSP_StdPeriph_Lib_V1.3.0\Project\国赛测试_6\EWARM\STM32F429_439xx\Obj\stm32f4xx_syscfg.o
#        E:\WORKSPACE\STM32F4\STM32F4xx_DSP_StdPeriph_Lib_V1.3.0\Project\国赛测试_6\EWARM\STM32F429_439xx\Obj\stm32f4xx_tim.o
#        E:\WORKSPACE\STM32F4\STM32F4xx_DSP_StdPeriph_Lib_V1.3.0\Project\国赛测试_6\EWARM\STM32F429_439xx\Obj\stm32f4xx_usart.o
#        E:\WORKSPACE\STM32F4\STM32F4xx_DSP_StdPeriph_Lib_V1.3.0\Project\国赛测试_6\EWARM\STM32F429_439xx\Obj\stm32f4xx_wwdg.o
#        E:\WORKSPACE\STM32F4\STM32F4xx_DSP_StdPeriph_Lib_V1.3.0\Project\国赛测试_6\EWARM\STM32F429_439xx\Obj\String_L.o
#        E:\WORKSPACE\STM32F4\STM32F4xx_DSP_StdPeriph_Lib_V1.3.0\Project\国赛测试_6\EWARM\STM32F429_439xx\Obj\system_stm32f4xx.o
#        E:\WORKSPACE\STM32F4\STM32F4xx_DSP_StdPeriph_Lib_V1.3.0\Project\国赛测试_6\EWARM\STM32F429_439xx\Obj\Timer.o
#        E:\WORKSPACE\STM32F4\STM32F4xx_DSP_StdPeriph_Lib_V1.3.0\Project\国赛测试_6\EWARM\STM32F429_439xx\Obj\USART.o
#        --redirect _Scanf=_ScanfSmall -o
#        E:\WORKSPACE\STM32F4\STM32F4xx_DSP_StdPeriph_Lib_V1.3.0\Project\国赛测试_6\EWARM\STM32F429_439xx\Exe\Project.out
#        --map
#        E:\WORKSPACE\STM32F4\STM32F4xx_DSP_StdPeriph_Lib_V1.3.0\Project\国赛测试_6\EWARM\STM32F429_439xx\List\Project.map
#        --config
#        E:\WORKSPACE\STM32F4\STM32F4xx_DSP_StdPeriph_Lib_V1.3.0\Project\国赛测试_6\EWARM\stm32f4xx_flash.icf
#        --semihosting --entry __iar_program_start "C:\Program Files (x86)\IAR
#        Systems\Embedded Workbench
#        7.0_2\arm\CMSIS\Lib\IAR\iar_cortexM4lf_math.a" --vfe
#
###############################################################################

*******************************************************************************
*** RUNTIME MODEL ATTRIBUTES
***

CppFlavor                     = *
__CPP_Language                = EC++
__SystemLibrary               = DLib
__dlib_dynamic_initialization = normal


*******************************************************************************
*** PLACEMENT SUMMARY
***

"A1":  place at 0x08000000 { ro section .intvec };
"P1":  place in [from 0x08000000 to 0x081fffff] { ro };
"P2":  place in [from 0x20000000 to 0x2002ffff] { rw, block CSTACK, block HEAP };

  Section             Kind        Address    Size  Object
  -------             ----        -------    ----  ------
"A1":                                       0x1ac
  .intvec             ro code  0x08000000   0x1ac  startup_stm32f429_439xx.o [1]
                             - 0x080001ac   0x1ac

"P1":                                      0x7d35
  .rodata             const    0x080001ac  0x2840  FONT.o [1]
  .text               ro code  0x080029ec   0xd92  xprintffull_nomb.o [3]
  .text               ro code  0x0800377e    0x22  zero_init3.o [5]
  .text               ro code  0x080037a0    0x16  strchr.o [5]
  .text               ro code  0x080037b6     0xa  xsprout.o [3]
  .text               ro code  0x080037c0    0x36  strlen.o [5]
  .text               ro code  0x080037f8    0x58  memchr.o [5]
  .text               ro code  0x08003850    0xee  I64DivMod.o [5]
  .text               ro code  0x08003940    0x76  ABImemcpy_unaligned.o [5]
  .text               ro code  0x080039b6    0x42  xdnorm.o [4]
  .text               ro code  0x080039f8    0x2e  DblCmpLe.o [4]
  .text               ro code  0x08003a28    0x2e  DblCmpGe.o [4]
  .text               ro code  0x08003a58   0x114  xdscale.o [4]
  .text               ro code  0x08003b6c    0x58  DblToI32.o [4]
  .text               ro code  0x08003bc4    0x30  I32ToDbl.o [4]
  .text               ro code  0x08003bf4   0x180  DblSub.o [4]
  .text               ro code  0x08003d74   0x1a2  DblMul.o [4]
  .text               ro code  0x08003f18   0x246  DblDiv.o [4]
  .text               ro code  0x08004160    0x6c  localeconv.o [3]
  .text               ro code  0x080041cc     0xe  div.o [3]
  .text               ro code  0x080041dc     0x2  I64DivZer.o [5]
  .text               ro code  0x080041e0    0xe8  DblAdd.o [4]
  .text               ro code  0x080042c8     0x2  xtls.o [3]
  .text               ro code  0x080042cc   0x7f0  Freq.o [1]
  .text               ro code  0x08004abc   0x308  NumBar_CPP.o [1]
  .text               ro code  0x08004dc4   0x180  String_L.o [1]
  .text               ro code  0x08004f44   0x498  Data.o [1]
  .text               ro code  0x080053dc   0x100  common.o [1]
  .text               ro code  0x080054dc   0x61c  LCD_String.o [1]
  .text               ro code  0x08005af8    0xd4  stm32f4xx_rcc.o [1]
  .text               ro code  0x08005bcc    0xa2  stm32f4xx_gpio.o [1]
  .text               ro code  0x08005c70    0x28  stm32f4xx_syscfg.o [1]
  .text               ro code  0x08005c98    0x80  stm32f4xx_exti.o [1]
  .text               ro code  0x08005d18    0x6c  misc.o [1]
  .text               ro code  0x08005d84   0x368  LCD.o [1]
  .text               ro code  0x080060ec    0x34  sprintf.o [3]
  .text               ro code  0x08006120    0xe4  stm32f4xx_fsmc.o [1]
  .text               ro code  0x08006204   0x5c0  Impluse.o [1]
  .text               ro code  0x080067c4   0x448  main.o [1]
  .text               ro code  0x08006c0c   0x38e  SelectBar_L.o [1]
  .text               ro code  0x08006f9c    0xc0  exti.o [1]
  .text               ro code  0x0800705c   0x2b0  Span.o [1]
  .text               ro code  0x0800730c   0x124  malloc.o [1]
  .text               ro code  0x08007430     0x6  ABImemclr4.o [5]
  .text               ro code  0x08007438    0x66  ABImemset.o [5]
  .text               ro code  0x080074a0     0x6  ABImemclr.o [5]
  .text               ro code  0x080074a8    0x32  ABImemset48.o [5]
  .text               ro code  0x080074dc   0x114  Timer.o [1]
  .text               ro code  0x080075f0    0x24  stm32f4xx_tim.o [1]
  .text               ro code  0x08007614    0xe8  system_stm32f4xx.o [1]
  .text               ro code  0x080076fc    0xd2  packbits_init.o [5]
  .text               ro code  0x080077ce     0x6  abort.o [3]
  .text               ro code  0x080077d4    0x14  exit.o [6]
  .text               ro code  0x080077e8    0xb8  PINGPANG.o [1]
  .text               ro code  0x080078a0    0xb4  AD.o [1]
  .text               ro code  0x08007954    0x90  stm32f4xx_dma.o [1]
  .text               ro code  0x080079e4    0x36  stm32f4xx_adc.o [1]
  .text               ro code  0x08007a1c    0xac  DA.o [1]
  .text               ro code  0x08007ac8    0x58  stm32f4xx_dac.o [1]
  .text               ro code  0x08007b20    0x70  USART.o [1]
  .text               ro code  0x08007b90    0x46  stm32f4xx_usart.o [1]
  .text               ro code  0x08007bd8    0x5c  stm32f4xx_it.o [1]
  .text               ro code  0x08007c34    0x28  data_init.o [5]
  .iar.init_table     const    0x08007c5c    0x30  - Linker created -
  .text               ro code  0x08007c8c    0x20  cmain_call_ctors.o [5]
  .text               ro code  0x08007cac    0x18  cppinit.o [3]
  .text               ro code  0x08007cc4    0x1a  fpinit_M.o [4]
  .text               ro code  0x08007ce0    0x1a  cmain.o [5]
  .text               ro code  0x08007cfa     0x4  low_level_init.o [3]
  .text               ro code  0x08007cfe     0x4  exit.o [3]
  .text               ro code  0x08007d04     0xa  cexit.o [5]
  .text               ro code  0x08007d10    0x10  startup_stm32f429_439xx.o [1]
  .text               ro code  0x08007d20     0xc  cstartup_M.o [5]
  .text               ro code  0x08007d2c     0x4  startup_stm32f429_439xx.o [1]
  .text               ro code  0x08007d30     0x4  startup_stm32f429_439xx.o [1]
  .text               ro code  0x08007d34     0x4  startup_stm32f429_439xx.o [1]
  .text               ro code  0x08007d38     0x4  startup_stm32f429_439xx.o [1]
  .text               ro code  0x08007d3c     0x4  startup_stm32f429_439xx.o [1]
  .text               ro code  0x08007d40     0x4  startup_stm32f429_439xx.o [1]
  .text               ro code  0x08007d44     0x4  startup_stm32f429_439xx.o [1]
  .text               ro code  0x08007d48     0x4  startup_stm32f429_439xx.o [1]
  .text               ro code  0x08007d4c     0x4  startup_stm32f429_439xx.o [1]
  .text               ro code  0x08007d50     0x4  startup_stm32f429_439xx.o [1]
  .text               ro code  0x08007d54     0x4  startup_stm32f429_439xx.o [1]
  .text               ro code  0x08007d58     0x4  startup_stm32f429_439xx.o [1]
  .text               ro code  0x08007d5c     0x4  startup_stm32f429_439xx.o [1]
  .text               ro code  0x08007d60     0x4  startup_stm32f429_439xx.o [1]
  .text               ro code  0x08007d64     0x4  startup_stm32f429_439xx.o [1]
  .text               ro code  0x08007d68     0x4  startup_stm32f429_439xx.o [1]
  .text               ro code  0x08007d6c     0x4  startup_stm32f429_439xx.o [1]
  .text               ro code  0x08007d70     0x4  startup_stm32f429_439xx.o [1]
  .text               ro code  0x08007d74     0x4  startup_stm32f429_439xx.o [1]
  .text               ro code  0x08007d78     0x4  startup_stm32f429_439xx.o [1]
  .text               ro code  0x08007d7c     0x4  startup_stm32f429_439xx.o [1]
  .text               ro code  0x08007d80     0x4  startup_stm32f429_439xx.o [1]
  .text               ro code  0x08007d84     0x4  startup_stm32f429_439xx.o [1]
  .text               ro code  0x08007d88     0x4  startup_stm32f429_439xx.o [1]
  .text               ro code  0x08007d8c     0x4  startup_stm32f429_439xx.o [1]
  .text               ro code  0x08007d90     0x4  startup_stm32f429_439xx.o [1]
  .text               ro code  0x08007d94     0x4  startup_stm32f429_439xx.o [1]
  .text               ro code  0x08007d98     0x4  startup_stm32f429_439xx.o [1]
  .text               ro code  0x08007d9c     0x4  startup_stm32f429_439xx.o [1]
  .text               ro code  0x08007da0     0x4  startup_stm32f429_439xx.o [1]
  .text               ro code  0x08007da4     0x4  startup_stm32f429_439xx.o [1]
  .text               ro code  0x08007da8     0x4  startup_stm32f429_439xx.o [1]
  .text               ro code  0x08007dac     0x4  startup_stm32f429_439xx.o [1]
  .text               ro code  0x08007db0     0x4  startup_stm32f429_439xx.o [1]
  .text               ro code  0x08007db4     0x4  startup_stm32f429_439xx.o [1]
  .text               ro code  0x08007db8     0x4  startup_stm32f429_439xx.o [1]
  .text               ro code  0x08007dbc     0x4  startup_stm32f429_439xx.o [1]
  .text               ro code  0x08007dc0     0x4  startup_stm32f429_439xx.o [1]
  .text               ro code  0x08007dc4     0x4  startup_stm32f429_439xx.o [1]
  .text               ro code  0x08007dc8     0x4  startup_stm32f429_439xx.o [1]
  .text               ro code  0x08007dcc     0x4  startup_stm32f429_439xx.o [1]
  .text               ro code  0x08007dd0     0x4  startup_stm32f429_439xx.o [1]
  .text               ro code  0x08007dd4     0x4  startup_stm32f429_439xx.o [1]
  .text               ro code  0x08007dd8     0x4  startup_stm32f429_439xx.o [1]
  .text               ro code  0x08007ddc     0x4  startup_stm32f429_439xx.o [1]
  .text               ro code  0x08007de0     0x4  startup_stm32f429_439xx.o [1]
  .text               ro code  0x08007de4     0x4  startup_stm32f429_439xx.o [1]
  .text               ro code  0x08007de8     0x4  startup_stm32f429_439xx.o [1]
  .text               ro code  0x08007dec     0x4  startup_stm32f429_439xx.o [1]
  .text               ro code  0x08007df0     0x4  startup_stm32f429_439xx.o [1]
  .text               ro code  0x08007df4     0x4  startup_stm32f429_439xx.o [1]
  .text               ro code  0x08007df8     0x4  startup_stm32f429_439xx.o [1]
  .text               ro code  0x08007dfc     0x4  startup_stm32f429_439xx.o [1]
  .text               ro code  0x08007e00     0x4  startup_stm32f429_439xx.o [1]
  .text               ro code  0x08007e04     0x4  startup_stm32f429_439xx.o [1]
  .text               ro code  0x08007e08     0x4  startup_stm32f429_439xx.o [1]
  .text               ro code  0x08007e0c     0x4  startup_stm32f429_439xx.o [1]
  .text               ro code  0x08007e10     0x4  startup_stm32f429_439xx.o [1]
  .text               ro code  0x08007e14     0x4  startup_stm32f429_439xx.o [1]
  .text               ro code  0x08007e18     0x4  startup_stm32f429_439xx.o [1]
  .text               ro code  0x08007e1c     0x4  startup_stm32f429_439xx.o [1]
  .text               ro code  0x08007e20     0x4  startup_stm32f429_439xx.o [1]
  .text               ro code  0x08007e24     0x4  startup_stm32f429_439xx.o [1]
  .text               ro code  0x08007e28     0x4  startup_stm32f429_439xx.o [1]
  .text               ro code  0x08007e2c     0x4  startup_stm32f429_439xx.o [1]
  .text               ro code  0x08007e30     0x4  startup_stm32f429_439xx.o [1]
  .text               ro code  0x08007e34     0x4  startup_stm32f429_439xx.o [1]
  .text               ro code  0x08007e38     0x4  startup_stm32f429_439xx.o [1]
  .text               ro code  0x08007e3c     0x4  startup_stm32f429_439xx.o [1]
  .text               ro code  0x08007e40     0x4  startup_stm32f429_439xx.o [1]
  .text               ro code  0x08007e44     0x4  startup_stm32f429_439xx.o [1]
  .text               ro code  0x08007e48     0x4  startup_stm32f429_439xx.o [1]
  .text               ro code  0x08007e4c     0x4  startup_stm32f429_439xx.o [1]
  .text               ro code  0x08007e50     0x4  startup_stm32f429_439xx.o [1]
  .text               ro code  0x08007e54     0x4  startup_stm32f429_439xx.o [1]
  .text               ro code  0x08007e58     0x4  startup_stm32f429_439xx.o [1]
  .text               ro code  0x08007e5c     0x4  startup_stm32f429_439xx.o [1]
  .text               ro code  0x08007e60     0x4  startup_stm32f429_439xx.o [1]
  .text               ro code  0x08007e64     0x4  startup_stm32f429_439xx.o [1]
  .text               ro code  0x08007e68     0x4  startup_stm32f429_439xx.o [1]
  .text               ro code  0x08007e6c     0x4  startup_stm32f429_439xx.o [1]
  .text               ro code  0x08007e70     0x4  startup_stm32f429_439xx.o [1]
  .text               ro code  0x08007e74     0x4  startup_stm32f429_439xx.o [1]
  SHT$$PREINIT_ARRAY           0x08007e78     0x0  <Block>
  SHT$$INIT_ARRAY              0x08007e78     0x4  <Block>
    .init_array       const    0x08007e78     0x4  main.o [1]
  .rodata             const    0x08007e7c     0x0  zero_init3.o [5]
  .rodata             const    0x08007e7c     0x0  packbits_init.o [5]
  Initializer bytes   ro data  0x08007e7c    0x65  <for P2 s0>
                             - 0x08007ee1  0x7d35

"P2":                                      0x9a90
  P2 s0                        0x20000000   0xf04  <Init block>
    .data             inited   0x20000000   0x84c  malloc.o [1]
    .data             inited   0x2000084c     0x2  LCD.o [1]
    .data             inited   0x20000850   0x2f0  Freq.o [1]
    .data             inited   0x20000b40   0x2f0  Impluse.o [1]
    __DLIB_PERTHREAD  inited   0x20000e30    0x88  localeconv.o [3]
    .data             inited   0x20000eb8    0x39  DA.o [1]
    .data             inited   0x20000ef4    0x10  stm32f4xx_rcc.o [1]
  .bss                zero     0x20000f04   0x7f8  USART.o [1]
  .bss                zero     0x20001700   0x208  main.o [1]
  .bss                zero     0x20001908    0xc0  Span.o [1]
  .bss                zero     0x200019c8    0x3c  common.o [1]
  .bss                zero     0x20001a04    0x39  AD.o [1]
  .bss                zero     0x20001a3e     0x2  LCD.o [1]
  .bss                zero     0x20001a40    0x18  Timer.o [1]
  .bss                zero     0x20001a58    0x10  common.o [1]
  .bss                zero     0x20001a68    0x10  Timer.o [1]
  .bss                zero     0x20001a78     0x8  exti.o [1]
  .bss                zero     0x20001a80     0x4  common.o [1]
  .bss                zero     0x20001a84     0x4  common.o [1]
  .bss                zero     0x20001a88     0x4  PINGPANG.o [1]
  .bss                zero     0x20001a8c     0x1  Freq.o [1]
  .bss                zero     0x20001a8d     0x1  Freq.o [1]
  .bss                zero     0x20001a8e     0x1  Span.o [1]
  CSTACK                       0x20001a90  0x8000  <Block>
    CSTACK            uninit   0x20001a90  0x8000  <Block tail>
                             - 0x20009a90  0x9a90


*******************************************************************************
*** INIT TABLE
***

          Address     Size
          -------     ----
Zero (__iar_zero_init3)
    1 destination range, total size 0xb8b:
          0x20000f04  0xb8b

Copy/packbits (__iar_packbits_init3)
    1 source range, total size 0x65 (2% of destination):
          0x08007e7c   0x65
    1 destination range, total size 0xf04:
          0x20000000  0xf04

Extra (__iar_cstart_call_ctors)



*******************************************************************************
*** MODULE SUMMARY
***

    Module                     ro code  ro data  rw data
    ------                     -------  -------  -------
E:\WORKSPACE\STM32F4\STM32F4xx_DSP_StdPeriph_Lib_V1.3.0\Project\国赛测试_6\EWARM\STM32F429_439xx\Obj: [1]
    AD.o                           180                57
    DA.o                           172        1       57
    Data.o                       1 176
    FONT.o                               10 304
    Freq.o                       2 032       20      754
    Impluse.o                    1 472       20      752
    LCD.o                          872                 4
    LCD_String.o                 1 564
    NumBar_CPP.o                   776
    PINGPANG.o                     184                 4
    SelectBar_L.o                  910
    Span.o                         688               193
    String_L.o                     384
    Timer.o                        276                40
    USART.o                        112             2 040
    common.o                       256                84
    exti.o                         192                 8
    main.o                       1 096        4      520
    malloc.o                       292       55    2 124
    misc.o                         108
    startup_stm32f429_439xx.o      776
    stm32f4xx_adc.o                 54
    stm32f4xx_dac.o                 88
    stm32f4xx_dma.o                144
    stm32f4xx_exti.o               128
    stm32f4xx_fsmc.o               228
    stm32f4xx_gpio.o               162
    stm32f4xx_it.o                  92
    stm32f4xx_rcc.o                212        1       16
    stm32f4xx_syscfg.o              40
    stm32f4xx_tim.o                 36
    stm32f4xx_usart.o               70
    system_stm32f4xx.o             232
    ----------------------------------------------------
    Total:                      15 004   10 405    6 653

command line: [2]
    ----------------------------------------------------
    Total:

dl7M_tlf.a: [3]
    abort.o                          6
    cppinit.o                       24
    div.o                           14
    exit.o                           4
    localeconv.o                   108        4      136
    low_level_init.o                 4
    sprintf.o                       52
    xprintffull_nomb.o           3 474
    xsprout.o                       10
    xtls.o                           2
    ----------------------------------------------------
    Total:                       3 698        4      136

m7M_tlv.a: [4]
    DblAdd.o                       232
    DblCmpGe.o                      46
    DblCmpLe.o                      46
    DblDiv.o                       582
    DblMul.o                       418
    DblSub.o                       384
    DblToI32.o                      88
    I32ToDbl.o                      48
    fpinit_M.o                      26
    xdnorm.o                        66
    xdscale.o                      276
    ----------------------------------------------------
    Total:                       2 212

rt7M_tl.a: [5]
    ABImemclr.o                      6
    ABImemclr4.o                     6
    ABImemcpy_unaligned.o          118
    ABImemset.o                    102
    ABImemset48.o                   50
    I64DivMod.o                    238
    I64DivZer.o                      2
    cexit.o                         10
    cmain.o                         26
    cmain_call_ctors.o              32
    cstartup_M.o                    12
    data_init.o                     40
    memchr.o                        88
    packbits_init.o                210
    strchr.o                        22
    strlen.o                        54
    zero_init3.o                    34
    ----------------------------------------------------
    Total:                       1 050

shb_l.a: [6]
    exit.o                          20
    ----------------------------------------------------
    Total:                          20

    Gaps                            40                10
    Linker created                           48   32 768
--------------------------------------------------------
    Grand Total:                22 024   10 457   39 567


*******************************************************************************
*** ENTRY LIST
***

Entry                      Address    Size  Type      Object
-----                      -------    ----  ----      ------
?main                   0x08007ce1          Code  Gb  cmain.o [5]
ADC_Cmd                 0x080079e5    0x12  Code  Gb  stm32f4xx_adc.o [1]
ADC_DMACmd              0x080079f7    0x12  Code  Gb  stm32f4xx_adc.o [1]
ADC_DMARequestAfterLastTransferCmd
                        0x08007a09    0x12  Code  Gb  stm32f4xx_adc.o [1]
APBAHBPrescTable        0x20000ef4    0x10  Data  Lc  stm32f4xx_rcc.o [1]
AdcTxFinishedFlag       0x20001a3c     0x1  Data  Gb  AD.o [1]
BACK_COLOR              0x20001a3e     0x2  Data  Gb  LCD.o [1]
BusFault_Handler        0x08007bdf     0x2  Code  Gb  stm32f4xx_it.o [1]
CSTACK$$Base            0x20001a90           --   Gb  - Linker created -
CSTACK$$Limit           0x20009a90           --   Gb  - Linker created -
Capture                 0x20001a44     0x4  Data  Gb  Timer.o [1]
DAC_ClearFlag           0x08007b0f     0xa  Code  Gb  stm32f4xx_dac.o [1]
DAC_Cmd                 0x08007ac9    0x18  Code  Gb  stm32f4xx_dac.o [1]
DAC_DMACmd              0x08007ae1    0x1a  Code  Gb  stm32f4xx_dac.o [1]
DAC_GetFlagStatus       0x08007afb    0x14  Code  Gb  stm32f4xx_dac.o [1]
DMA1_Stream5_IRQHandler
                        0x08007a1d    0xa0  Code  Gb  DA.o [1]
DMA2_Stream4_IRQHandler
                        0x080078a1    0xa0  Code  Gb  AD.o [1]
DMA2_Stream7_IRQHandler
                        0x08007b5b    0x26  Code  Gb  USART.o [1]
DMA_ClearITPendingBit   0x080079b9    0x1c  Code  Gb  stm32f4xx_dma.o [1]
DMA_Cmd                 0x08007955    0x12  Code  Gb  stm32f4xx_dma.o [1]
DMA_GetFlagStatus       0x08007967    0x26  Code  Gb  stm32f4xx_dma.o [1]
DMA_ITConfig            0x0800798d    0x2c  Code  Gb  stm32f4xx_dma.o [1]
DacTxFinishedFlag       0x20000ef0     0x1  Data  Gb  DA.o [1]
DebugMon_Handler        0x08007be5     0x2  Code  Gb  stm32f4xx_it.o [1]
EXTI0_IRQHandler        0x08007c15    0x20  Code  Gb  stm32f4xx_it.o [1]
EXTI1_IRQHandler        0x08007027    0x28  Code  Gb  exti.o [1]
EXTI_ClearFlag          0x08005d03     0x6  Code  Gb  stm32f4xx_exti.o [1]
EXTI_ClearITPendingBit  0x08005d09     0x6  Code  Gb  stm32f4xx_exti.o [1]
EXTI_Init               0x08005c99    0x6a  Code  Gb  stm32f4xx_exti.o [1]
EXTI_init               0x08006f9d    0x8a  Code  Gb  exti.o [1]
FPGA_EXIT_INIT          0x08004f45    0x92  Code  Gb  Data.o [1]
FPGA_Read_Register      0x08004fd7    0x22  Code  Gb  Data.o [1]
FREQ_GET_SERVICE        0x08004625   0x1a8  Code  Gb  Freq.o [1]
FREQ_RESULT             0x20000850     0x8  Data  Gb  Freq.o [1]
FREQ_SEQ                0x20000858    0x40  Data  Gb  Freq.o [1]
FREQ_SHOW(pt *)         0x080049c5    0x7e  Code  Gb  Freq.o [1]
FREQ_USED_POS           0x20000898     0x1  Data  Gb  Freq.o [1]
FSMC_NORSRAMCmd         0x080061e1    0x1a  Code  Gb  stm32f4xx_fsmc.o [1]
FSMC_NORSRAMInit        0x08006121    0xc0  Code  Gb  stm32f4xx_fsmc.o [1]
Freq_Get                0x08004577    0xa6  Code  Gb  Freq.o [1]
Freq_Get_Service        0x080047dd   0x1e8  Code  Gb  Freq.o [1]
Freq_Init_ALL           0x080042cd    0x40  Code  Gb  Freq.o [1]
Freq_Input              0x0800430d    0x9c  Code  Gb  Freq.o [1]
Freq_Value_UnitFix(NumBar_CPP *, int)
                        0x080043a9    0xde  Code  Gb  Freq.o [1]
GPIO_Init               0x08005bcd    0x72  Code  Gb  stm32f4xx_gpio.o [1]
GPIO_PinAFConfig        0x08005c47    0x28  Code  Gb  stm32f4xx_gpio.o [1]
GPIO_ToggleBits         0x08005c3f     0x8  Code  Gb  stm32f4xx_gpio.o [1]
HardFault_Handler       0x08007bdb     0x2  Code  Gb  stm32f4xx_it.o [1]
IMPLUSE_GET_SERVICE     0x0800645b    0x6a  Code  Gb  Impluse.o [1]
IMPLUSE_RESULT          0x20000b40     0x8  Data  Gb  Impluse.o [1]
IMPLUSE_SEQ             0x20000b48    0x40  Data  Gb  Impluse.o [1]
IMPLUSE_SHOW(pt *)      0x080066eb    0x36  Code  Gb  Impluse.o [1]
IMPLUSE_USED_POS        0x20000b88     0x1  Data  Gb  Impluse.o [1]
Implus_Get_Service      0x080064d5   0x216  Code  Gb  Impluse.o [1]
Impluse_Get             0x08006245   0x216  Code  Gb  Impluse.o [1]
Impluse_Init_ALL        0x08006205    0x40  Code  Gb  Impluse.o [1]
InStream_Read           0x080076fd    0x22  Code  Lc  packbits_init.o [5]
KEY_FUNC                0x200019c8    0x3c  Data  Lc  common.o [1]
KEY_SERVICE             0x0800546d    0x54  Code  Gb  common.o [1]
LCD_Init                0x08005ddb   0x2fe  Code  Gb  LCD.o [1]
LCD_SetCursor           0x08005d85    0x56  Code  Gb  LCD.o [1]
LCD_ShowCharBig         0x080054dd   0x278  Code  Gb  LCD_String.o [1]
LCD_ShowChineseBig      0x08005965   0x11e  Code  Gb  LCD_String.o [1]
LCD_ShowChineseStringBig
                        0x08005a85    0x46  Code  Gb  LCD_String.o [1]
LCD_ShowDoubleBig_L     0x08005885    0xda  Code  Gb  LCD_String.o [1]
LCD_ShowNumBig          0x080057c9    0x58  Code  Gb  LCD_String.o [1]
LCD_ShowNumBig_L        0x08005821    0x64  Code  Gb  LCD_String.o [1]
LCD_ShowStringBig_Union
                        0x08005755    0x74  Code  Gb  LCD_String.o [1]
LoadInt                 0x08002f75    0x6e  Code  Lc  xprintffull_nomb.o [3]
MAIN_KEY                0x20001a78     0x8  Data  Gb  exti.o [1]
MODE_REG                0x080053d0     0xc  Data  Gb  Data.o [1]
MemManage_Handler       0x08007bdd     0x2  Code  Gb  stm32f4xx_it.o [1]
NMI_Handler             0x08007bd9     0x2  Code  Gb  stm32f4xx_it.o [1]
NVIC_Init               0x08005d19    0x5c  Code  Gb  misc.o [1]
NumBar_CPP::NumBar_CPP(unsigned char, unsigned char, float, float)
                        0x08004aff    0x7e  Code  Gb  NumBar_CPP.o [1]
NumBar_CPP::getFirst()  0x08004abd    0x42  Code  Gb  NumBar_CPP.o [1]
NumBar_CPP::hide()      0x08004d17    0x48  Code  Gb  NumBar_CPP.o [1]
NumBar_CPP::setActive(bool)
                        0x08004c4d    0x80  Code  Gb  NumBar_CPP.o [1]
NumBar_CPP::setFunc(void (*)(NumBar_CPP*, int))
                        0x08004c49     0x4  Code  Gb  NumBar_CPP.o [1]
NumBar_CPP::setLtag(String_L const &)
                        0x08004d65    0x26  Code  Gb  NumBar_CPP.o [1]
NumBar_CPP::setRtag(String_L const &)
                        0x08004d8b    0x3a  Code  Gb  NumBar_CPP.o [1]
NumBar_CPP::setValue(double)
                        0x08004bb3    0x5e  Code  Gb  NumBar_CPP.o [1]
NumBar_CPP::setValue(int)
                        0x08004b7d    0x36  Code  Gb  NumBar_CPP.o [1]
NumBar_CPP::setValueReal(double)
                        0x08004c11     0x6  Code  Gb  NumBar_CPP.o [1]
NumBar_CPP::show()      0x08004ccd    0x4a  Code  Gb  NumBar_CPP.o [1]
NumBar_CPP::showValue()
                        0x08004c17    0x30  Code  Gb  NumBar_CPP.o [1]
Num_Len                 0x080053dd    0x34  Code  Gb  common.o [1]
POINT_COLOR             0x2000084c     0x2  Data  Gb  LCD.o [1]
PT_ADD_THREAD           0x08005453     0xe  Code  Gb  common.o [1]
PT_SERVICE              0x0800543d    0x16  Code  Gb  common.o [1]
PT_thread               0x20001700    0xa0  Data  Gb  main.o [1]
PendSV_Handler          0x08007be7     0x2  Code  Gb  stm32f4xx_it.o [1]
PingPang_ChangeBusy     0x080077e9    0x58  Code  Gb  PINGPANG.o [1]
PingPang_Free           0x08007879    0x24  Code  Gb  PINGPANG.o [1]
PingPang_Out            0x08007841    0x38  Code  Gb  PINGPANG.o [1]
RCC_AHB1PeriphClockCmd  0x08005b7b    0x12  Code  Gb  stm32f4xx_rcc.o [1]
RCC_AHB3PeriphClockCmd  0x08005b8d    0x12  Code  Gb  stm32f4xx_rcc.o [1]
RCC_APB2PeriphClockCmd  0x08005b9f    0x12  Code  Gb  stm32f4xx_rcc.o [1]
RCC_Clocks              0x20001a58    0x10  Data  Gb  common.o [1]
RCC_GetClocksFreq       0x08005af9    0x82  Code  Gb  stm32f4xx_rcc.o [1]
Region$$Table$$Base     0x08007c5c           --   Gb  - Linker created -
Region$$Table$$Limit    0x08007c8c           --   Gb  - Linker created -
SHT$$INIT_ARRAY$$Base   0x08007e78           --   Gb  - Linker created -
SHT$$INIT_ARRAY$$Limit  0x08007e7c           --   Gb  - Linker created -
SHT$$PREINIT_ARRAY$$Base
                        0x08007e78           --   Gb  - Linker created -
SHT$$PREINIT_ARRAY$$Limit
                        0x08007e78           --   Gb  - Linker created -
SPAN_RECV               0x0800705d    0xc8  Code  Gb  Span.o [1]
SPAN_RESULT             0x20001908     0x8  Data  Gb  Span.o [1]
SPAN_SEQ                0x20001910    0x10  Data  Gb  Span.o [1]
SPAN_SHOW(pt *)         0x08007279    0x30  Code  Gb  Span.o [1]
SVC_Handler             0x08007be3     0x2  Code  Gb  stm32f4xx_it.o [1]
SYSCFG_EXTILineConfig   0x08005c71    0x24  Code  Gb  stm32f4xx_syscfg.o [1]
SYS_TIME                0x20001a84     0x4  Data  Gb  common.o [1]
SelectBar_L::SelectBar_L(unsigned short, unsigned short, bool)
                        0x08006cb1    0x4e  Code  Gb  SelectBar_L.o [1]
SelectBar_L::addSelect(String_L)
                        0x08006cff    0xba  Code  Gb  SelectBar_L.o [1]
SelectBar_L::getSelect(int)
                        0x08006f67    0x34  Code  Gb  SelectBar_L.o [1]
SelectBar_L::setTitle(String_L)
                        0x08006f19    0x4e  Code  Gb  SelectBar_L.o [1]
SelectBar_L::shiftLast()
                        0x08006e1b    0x8c  Code  Gb  SelectBar_L.o [1]
SelectBar_L::shiftNext()
                        0x08006ea7    0x6a  Code  Gb  SelectBar_L.o [1]
SelectBar_L::show()     0x08006db9    0x62  Code  Gb  SelectBar_L.o [1]
SelectItem_L::SelectItem_L(String_L)
                        0x08006c0d    0x60  Code  Gb  SelectBar_L.o [1]
SelectItem_L::setActive(bool)
                        0x08006c71    0x40  Code  Gb  SelectBar_L.o [1]
SelectItem_L::setFunc_En(void (*)(SelectItem_L*))
                        0x08006c6d     0x4  Code  Gb  SelectBar_L.o [1]
Select_Item_Down()      0x08006887     0x6  Code  Gb  main.o [1]
Select_Item_Fun1(SelectItem_L *)
                        0x08006839    0x18  Code  Gb  main.o [1]
Select_Item_Fun2(SelectItem_L *)
                        0x08006851    0x18  Code  Gb  main.o [1]
Select_Item_Fun3(SelectItem_L *)
                        0x08006869    0x18  Code  Gb  main.o [1]
Select_Item_Up()        0x08006881     0x6  Code  Gb  main.o [1]
Set_Key_Func            0x08005461     0xc  Code  Gb  common.o [1]
Span_Init_ALL           0x08007125    0x18  Code  Gb  Span.o [1]
Span_Input              0x0800713d    0x68  Code  Gb  Span.o [1]
Span_Value_UnitFix(NumBar_CPP *, int)
                        0x080071a5    0xd4  Code  Gb  Span.o [1]
String_L::String_L()    0x08004de7    0x22  Code  Gb  String_L.o [1]
String_L::String_L() [subobject]
                        0x08004dc5    0x22  Code  Gb  String_L.o [1]
String_L::String_L(unsigned short, unsigned short, char *, unsigned short)
                        0x08004e09    0x2a  Code  Gb  String_L.o [1]
String_L::String_L(unsigned short, unsigned short, unsigned short, unsigned short, LCD_PLACE_TYPE, unsigned short)
                        0x08004e5b    0x46  Code  Gb  String_L.o [1]
String_L::String_L(unsigned short, unsigned short, unsigned short, unsigned short, unsigned short)
                        0x08004e33    0x28  Code  Gb  String_L.o [1]
String_L::getColor()    0x08004f17     0x4  Code  Gb  String_L.o [1]
String_L::getLen()      0x08004f1b     0xa  Code  Gb  String_L.o [1]
String_L::getStart_x()  0x08004f31     0x4  Code  Gb  String_L.o [1]
String_L::getString()   0x08004f25     0xc  Code  Gb  String_L.o [1]
String_L::getY()        0x08004f35     0x4  Code  Gb  String_L.o [1]
String_L::hide()        0x08004ed5    0x28  Code  Gb  String_L.o [1]
String_L::isNull()      0x08004ea1     0xe  Code  Gb  String_L.o [1]
String_L::moveTo(unsigned short, unsigned short)
                        0x08004f05    0x12  Code  Gb  String_L.o [1]
String_L::show()        0x08004eaf    0x26  Code  Gb  String_L.o [1]
SysTick_Handler         0x08007be9    0x24  Code  Gb  stm32f4xx_it.o [1]
SystemInit              0x08007615    0xd0  Code  Gb  system_stm32f4xx.o [1]
THREADS_HEAD            0x20001a80     0x4  Data  Gb  common.o [1]
TIM3_IRQHandler         0x080074dd    0x72  Code  Gb  Timer.o [1]
TIM3_SEND_DATA          0x20001a68     0x4  Data  Gb  Timer.o [1]
TIM4_GET_COUNT          0x20001a4c     0x4  Data  Gb  Timer.o [1]
TIM4_GET_DATA           0x20001a48     0x4  Data  Gb  Timer.o [1]
TIM4_IRQHandler         0x0800754f    0x8c  Code  Gb  Timer.o [1]
TIM_ClearFlag           0x080075f5     0x6  Code  Gb  stm32f4xx_tim.o [1]
TIM_ClearITPendingBit   0x0800760f     0x6  Code  Gb  stm32f4xx_tim.o [1]
TIM_GetCapture3         0x080075f1     0x4  Code  Gb  stm32f4xx_tim.o [1]
TIM_GetITStatus         0x080075fb    0x14  Code  Gb  stm32f4xx_tim.o [1]
Tim_Value_UnitFix(NumBar_CPP *, int)
                        0x08004487    0xf0  Code  Gb  Freq.o [1]
USART1_BUFFER           0x20000f04    0x24  Data  Gb  USART.o [1]
USART1_IRQHandler       0x08007b21    0x3a  Code  Gb  USART.o [1]
USART_GetITStatus       0x08007b99    0x3e  Code  Gb  stm32f4xx_usart.o [1]
USART_ReceiveData       0x08007b91     0x8  Code  Gb  stm32f4xx_usart.o [1]
UsageFault_Handler      0x08007be1     0x2  Code  Gb  stm32f4xx_it.o [1]
_FREQ_SEQ_BASE          0x200008a0   0x2a0  Data  Gb  Freq.o [1]
_GenldFullNoMb          0x080034eb   0x24c  Code  Lc  xprintffull_nomb.o [3]
_IMPLUSE_SEQ_BASE       0x20000b90   0x2a0  Data  Gb  Impluse.o [1]
_LdtobFullNoMb          0x080030e9   0x3fc  Code  Lc  xprintffull_nomb.o [3]
_LitobFullNoMb          0x08002fe3   0x106  Code  Lc  xprintffull_nomb.o [3]
_Locale_aeabi_lconv     0x20000e80    0x38  Data  Gb  localeconv.o [3]
_Locale_lconv           0x20000e30    0x50  Data  Gb  localeconv.o [3]
_PrintfFullNoMb         0x080029ed   0x582  Code  Gb  xprintffull_nomb.o [3]
_PutcharsFullNoMb       0x08003737    0x2e  Code  Lc  xprintffull_nomb.o [3]
_SPAN_SEQ_BASE          0x20001920    0xa8  Data  Gb  Span.o [1]
_SProut                 0x080037b7     0xa  Code  Gb  xsprout.o [3]
_USART1_RX_BUFFER       0x20000f2c   0x3e8  Data  Gb  USART.o [1]
_USART1_TX_BUFFER       0x20001314   0x3e8  Data  Gb  USART.o [1]
__aeabi_cdcmple         0x080039f9          Code  Gb  DblCmpLe.o [4]
__aeabi_cdrcmple        0x08003a29          Code  Gb  DblCmpGe.o [4]
__aeabi_d2iz            0x08003b6d          Code  Gb  DblToI32.o [4]
__aeabi_d2uiz           0x08003b99          Code  Gb  DblToI32.o [4]
__aeabi_dadd            0x080041e1          Code  Gb  DblAdd.o [4]
__aeabi_ddiv            0x08003f19          Code  Gb  DblDiv.o [4]
__aeabi_dmul            0x08003d75          Code  Gb  DblMul.o [4]
__aeabi_dsub            0x08003bf5          Code  Gb  DblSub.o [4]
__aeabi_i2d             0x08003bc5          Code  Gb  I32ToDbl.o [4]
__aeabi_ldiv0           0x080041dd          Code  Gb  I64DivZer.o [5]
__aeabi_memclr          0x080074a1          Code  Gb  ABImemclr.o [5]
__aeabi_memclr4         0x08007431          Code  Gb  ABImemclr4.o [5]
__aeabi_memset          0x08007439          Code  Gb  ABImemset.o [5]
__aeabi_ui2d            0x08003bd9          Code  Gb  I32ToDbl.o [4]
__aeabi_uldivmod        0x08003851          Code  Gb  I64DivMod.o [5]
__as_entries_start      0xffffffff           --   Gb  command line/config [2]
__as_table_start        0xffffffff           --   Gb  command line/config [2]
__call_ctors            0x08007cad    0x18  Code  Gb  cppinit.o [3]
__cmain                 0x08007ce1          Code  Gb  cmain.o [5]
__exit                  0x080077d5    0x14  Code  Gb  exit.o [6]
__iar_Dnorm             0x080039b7    0x42  Code  Gb  xdnorm.o [4]
__iar_Dscale            0x08003a59   0x114  Code  Gb  xdscale.o [4]
__iar_Locale_lconv_init
                        0x08004161    0x3a  Code  Gb  localeconv.o [3]
__iar_Memchr            0x080037f9          Code  Gb  memchr.o [5]
__iar_Memset            0x08007439          Code  Gb  ABImemset.o [5]
__iar_Memset4_word      0x080074a9          Code  Gb  ABImemset48.o [5]
__iar_Memset8_word      0x080074a9          Code  Gb  ABImemset48.o [5]
__iar_Memset_word       0x08007441          Code  Gb  ABImemset.o [5]
__iar_Strchr            0x080037a1          Code  Gb  strchr.o [5]
__iar_cstart_call_ctors
                        0x08007c8d    0x20  Code  Gb  cmain_call_ctors.o [5]
__iar_d2uiz             0x08003ba5          Code  Gb  DblToI32.o [4]
__iar_dadd              0x080041f5          Code  Gb  DblAdd.o [4]
__iar_data_init3        0x08007c35    0x28  Code  Gb  data_init.o [5]
__iar_dlib_perthread_access
                        0x080042c9     0x2  Code  Gb  xtls.o [3]
__iar_dsub              0x08003c09          Code  Gb  DblSub.o [4]
__iar_dsubStart         0x08003c1b          Code  Gb  DblSub.o [4]
__iar_init_vfp          0x08007cc5          Code  Gb  fpinit_M.o [4]
__iar_packbits_init3    0x0800771f    0xb0  Code  Gb  packbits_init.o [5]
__iar_program_start     0x08007d21          Code  Gb  cstartup_M.o [5]
__iar_ui2d              0x08003bdd          Code  Gb  I32ToDbl.o [4]
__iar_unaligned___aeabi_memcpy
                        0x08003941          Code  Gb  ABImemcpy_unaligned.o [5]
__iar_unaligned___aeabi_memcpy4
                        0x08003961          Code  Gb  ABImemcpy_unaligned.o [5]
__iar_unaligned___aeabi_memcpy8
                        0x08003961          Code  Gb  ABImemcpy_unaligned.o [5]
__iar_zero_init3        0x0800377f    0x22  Code  Gb  zero_init3.o [5]
__low_level_init        0x08007cfb     0x4  Code  Gb  low_level_init.o [3]
__sti__routine          0x080067c5    0x74  Code  Lc  main.o [1]
__vector_table          0x08000000          Data  Gb  startup_stm32f429_439xx.o [1]
_call_main              0x08007ced          Code  Gb  cmain.o [5]
_exit                   0x08007d05          Code  Gb  cexit.o [5]
_main                   0x08007cf7          Code  Gb  cmain.o [5]
abort                   0x080077cf     0x6  Code  Gb  abort.o [3]
asc_3216                0x080001ac  0x17c0  Data  Gb  FONT.o [1]
asc_3232                0x0800196c  0x1080  Data  Gb  FONT.o [1]
captureEnable           0x20001a40     0x1  Data  Gb  Timer.o [1]
delay_ms                0x08005411    0x2a  Code  Gb  common.o [1]
div                     0x080041cd     0xe  Code  Gb  div.o [3]
exit                    0x08007cff     0x4  Code  Gb  exit.o [3]
getDif                  0x080051dd   0x1d6  Code  Gb  Data.o [1]
getMid                  0x08004ff9   0x1e2  Code  Gb  Data.o [1]
localeconv              0x0800419b    0x16  Code  Gb  localeconv.o [3]
main                    0x08006899   0x31e  Code  Gb  main.o [1]
mallco_dev              0x20000000   0x84c  Data  Gb  malloc.o [1]
mem_free                0x080073c1    0x40  Code  Gb  malloc.o [1]
mem_init                0x0800730d    0x18  Code  Gb  malloc.o [1]
mem_malloc              0x08007369    0x58  Code  Gb  malloc.o [1]
mem_perused             0x08007325    0x44  Code  Gb  malloc.o [1]
memchr                  0x080037f9          Code  Gb  memchr.o [5]
myfree                  0x08007401     0xa  Code  Gb  malloc.o [1]
mymalloc                0x0800740b    0x18  Code  Gb  malloc.o [1]
numBar_freq             0x200017c8    0x50  Data  Gb  main.o [1]
numBar_impluse          0x20001868    0x50  Data  Gb  main.o [1]
numBar_span             0x200018b8    0x50  Data  Gb  main.o [1]
numBar_tim              0x20001818    0x50  Data  Gb  main.o [1]
pingpang_ad             0x20001a04    0x38  Data  Gb  AD.o [1]
pingpang_da             0x20000eb8    0x38  Data  Gb  DA.o [1]
pingpang_free_head      0x20001a88     0x4  Data  Gb  PINGPANG.o [1]
sprintf                 0x080060ed    0x34  Code  Gb  sprintf.o [3]
strchr                  0x080037a1          Code  Gb  strchr.o [5]
strlen                  0x080037c1          Code  Gb  strlen.o [5]
t_select_bar            0x200017a0    0x28  Data  Gb  main.o [1]


[1] = E:\WORKSPACE\STM32F4\STM32F4xx_DSP_StdPeriph_Lib_V1.3.0\Project\国赛测试_6\EWARM\STM32F429_439xx\Obj
[2] = command line
[3] = dl7M_tlf.a
[4] = m7M_tlv.a
[5] = rt7M_tl.a
[6] = shb_l.a

  22 024 bytes of readonly  code memory
  10 457 bytes of readonly  data memory
  39 567 bytes of readwrite data memory

Errors: none
Warnings: none
